doctea/abstract creature shapes.png
doctea/aliens at stonehenge.png
doctea/amt.png
doctea/blah warp box.png
doctea/bobby parker shell island drawing.png
doctea/cactus doodle.png
doctea/charley roses blotter mirrored.png
doctea/charley roses blotter.png
doctea/cheer is the mindfiller and creatures and borders and all sorts.png
doctea/coloured doodle.png
doctea/coloured mice and things.png
doctea/colours and shapes.png
doctea/crazy pattern coloured.png
doctea/crazy pattern with cat.png
doctea/creature things and errr higher dimensional weird shit.png
doctea/cube doodle.png
doctea/curly mandala.png
doctea/doodleoscope coloured 3.png
doctea/doodley pattern 2.png
doctea/doodley pattern.png
doctea/eye thing.png
doctea/fish soup soul of a robot.png
doctea/fractalhead doodle 1.png
doctea/fractalhead doodle 2.png
doctea/fractalhead doodle 3 colours.png
doctea/heart tank.png
doctea/heartbroken chickenbox bnw.png
doctea/just box people.png
doctea/just cactus.png
doctea/kaleido datura.png
doctea/kinda cool hearts doodle thing.png
doctea/kinda scary face thing colour copy ZORG.png
doctea/marker pen hyperdoodle.png
doctea/mug of tea and shapes and shit.png
doctea/nice flowery mandala.png
doctea/pattern doodle 2.png
doctea/pattern doodle 3.png
doctea/pipey wall doodle.png
doctea/robotplantape.png
doctea/ufo flower wall.png
doctea/vagina.png
doctea/wall kinda mosaic.png
doctea/washing machine spider boxes colour.png
doctea/washing machine spider boxes red.png
doctea/weird cat doodle coloured.png
doctea/weird eyes.png
doctea/weird things.png
doctea/weirdcow coloured.png
doctea/wowzers chromed.png
doctea/wowzers.png
doctea/yet another doodle colourised.png
doctea/yin yang doodle.png