/paradox/IMAG7124.jpg
/paradox/WP_20140118_056.jpg
/paradox/IMAG7100.jpg
/paradox/IMAG7068.jpg
/paradox/IMAG7115.jpg
/paradox/IMAG7099.jpg
/paradox/WP_20140118_100.jpg
/paradox/IMAG7060.jpg
/paradox/IMAG7097.jpg
/paradox/WP_20140118_082.jpg
/paradox/IMAG7045.jpg
/paradox/IMAG7122.jpg
/paradox/WP_20140118_095.jpg
/paradox/WP_20140118_105.jpg
/paradox/IMAG7098.jpg
/paradox/WP_20140118_122.jpg
/paradox/IMAG7049.jpg
/paradox/IMAG7123.jpg
/paradox/IMAG7133.jpg
/paradox/WP_20140118_008.jpg
/paradox/IMAG7072.jpg
/paradox/IMAG7051.jpg
/paradox/WP_20140118_031.jpg
/paradox/WP_20140118_128.jpg
/paradox/WP_20140118_156.jpg
/paradox/WP_20140118_042.jpg
/paradox/WP_20140118_061.jpg
/paradox/IMAG7054.jpg
/paradox/IMAG7112.jpg
/paradox/IMAG7128.jpg
/paradox/WP_20140118_091.jpg
/paradox/WP_20140118_099.jpg
/paradox/WP_20140118_029.jpg
/paradox/WP_20140118_157.jpg
/paradox/WP_20140118_123.jpg
/paradox/IMAG7117.jpg
/paradox/IMAG7126.jpg
/paradox/IMAG7061.jpg
/paradox/WP_20140118_092.jpg
/paradox/IMAG7062.jpg
/paradox/WP_20140118_068.jpg
/paradox/WP_20140118_090.jpg
/paradox/WP_20140118_124.jpg
./src/data/image-sources/paradox/IMAG7124.jpg
./src/data/image-sources/paradox/WP_20140118_056.jpg
./src/data/image-sources/paradox/IMAG7100.jpg
./src/data/image-sources/paradox/IMAG7068.jpg
./src/data/image-sources/paradox/IMAG7115.jpg
./src/data/image-sources/paradox/IMAG7099.jpg
./src/data/image-sources/paradox/WP_20140118_100.jpg
./src/data/image-sources/paradox/IMAG7060.jpg
./src/data/image-sources/paradox/IMAG7097.jpg
./src/data/image-sources/paradox/WP_20140118_082.jpg
./src/data/image-sources/paradox/IMAG7045.jpg
./src/data/image-sources/paradox/IMAG7122.jpg
./src/data/image-sources/paradox/WP_20140118_095.jpg
./src/data/image-sources/paradox/WP_20140118_105.jpg
./src/data/image-sources/paradox/IMAG7098.jpg
./src/data/image-sources/paradox/WP_20140118_122.jpg
./src/data/image-sources/paradox/IMAG7049.jpg
./src/data/image-sources/paradox/IMAG7123.jpg
./src/data/image-sources/paradox/IMAG7133.jpg
./src/data/image-sources/paradox/WP_20140118_008.jpg
./src/data/image-sources/paradox/IMAG7072.jpg
./src/data/image-sources/paradox/IMAG7051.jpg
./src/data/image-sources/paradox/WP_20140118_031.jpg
./src/data/image-sources/paradox/WP_20140118_128.jpg
./src/data/image-sources/paradox/WP_20140118_156.jpg
./src/data/image-sources/paradox/WP_20140118_042.jpg
./src/data/image-sources/paradox/WP_20140118_061.jpg
./src/data/image-sources/paradox/IMAG7054.jpg
./src/data/image-sources/paradox/IMAG7112.jpg
./src/data/image-sources/paradox/IMAG7128.jpg
./src/data/image-sources/paradox/WP_20140118_091.jpg
./src/data/image-sources/paradox/WP_20140118_099.jpg
./src/data/image-sources/paradox/WP_20140118_029.jpg
./src/data/image-sources/paradox/WP_20140118_157.jpg
./src/data/image-sources/paradox/WP_20140118_123.jpg
./src/data/image-sources/paradox/IMAG7117.jpg
./src/data/image-sources/paradox/IMAG7126.jpg
./src/data/image-sources/paradox/IMAG7061.jpg
./src/data/image-sources/paradox/WP_20140118_092.jpg
./src/data/image-sources/paradox/IMAG7062.jpg
./src/data/image-sources/paradox/WP_20140118_068.jpg
./src/data/image-sources/paradox/WP_20140118_090.jpg
./src/data/image-sources/paradox/WP_20140118_124.jpg
bin/data/image-sources/paradox/IMAG7124.jpg
bin/data/image-sources/paradox/WP_20140118_056.jpg
bin/data/image-sources/paradox/IMAG7100.jpg
bin/data/image-sources/paradox/IMAG7068.jpg
bin/data/image-sources/paradox/IMAG7115.jpg
bin/data/image-sources/paradox/IMAG7099.jpg
bin/data/image-sources/paradox/WP_20140118_100.jpg
bin/data/image-sources/paradox/IMAG7060.jpg
bin/data/image-sources/paradox/IMAG7097.jpg
bin/data/image-sources/paradox/WP_20140118_082.jpg
bin/data/image-sources/paradox/IMAG7045.jpg
bin/data/image-sources/paradox/IMAG7122.jpg
bin/data/image-sources/paradox/WP_20140118_095.jpg
bin/data/image-sources/paradox/WP_20140118_105.jpg
bin/data/image-sources/paradox/IMAG7098.jpg
bin/data/image-sources/paradox/WP_20140118_122.jpg
bin/data/image-sources/paradox/IMAG7049.jpg
bin/data/image-sources/paradox/IMAG7123.jpg
bin/data/image-sources/paradox/IMAG7133.jpg
bin/data/image-sources/paradox/WP_20140118_008.jpg
bin/data/image-sources/paradox/IMAG7072.jpg
bin/data/image-sources/paradox/IMAG7051.jpg
bin/data/image-sources/paradox/WP_20140118_031.jpg
bin/data/image-sources/paradox/WP_20140118_128.jpg
bin/data/image-sources/paradox/WP_20140118_156.jpg
bin/data/image-sources/paradox/WP_20140118_042.jpg
bin/data/image-sources/paradox/WP_20140118_061.jpg
bin/data/image-sources/paradox/IMAG7054.jpg
bin/data/image-sources/paradox/IMAG7112.jpg
bin/data/image-sources/paradox/IMAG7128.jpg
bin/data/image-sources/paradox/WP_20140118_091.jpg
bin/data/image-sources/paradox/WP_20140118_099.jpg
bin/data/image-sources/paradox/WP_20140118_029.jpg
bin/data/image-sources/paradox/WP_20140118_157.jpg
bin/data/image-sources/paradox/WP_20140118_123.jpg
bin/data/image-sources/paradox/IMAG7117.jpg
bin/data/image-sources/paradox/IMAG7126.jpg
bin/data/image-sources/paradox/IMAG7061.jpg
bin/data/image-sources/paradox/WP_20140118_092.jpg
bin/data/image-sources/paradox/IMAG7062.jpg
bin/data/image-sources/paradox/WP_20140118_068.jpg
bin/data/image-sources/paradox/WP_20140118_090.jpg
bin/data/image-sources/paradox/WP_20140118_124.jpg
